[gdigrab @ 0000024d12baadc0] Capturing whole desktop as 1440x900x32 at (8,87)
[gdigrab @ 0000024d12baadc0] Stream #0: not enough frames to estimate rate; consider increasing probesize
Input #0, gdigrab, from 'desktop':
  Duration: N/A, start: 1787456837.052615, bitrate: 1244172 kb/s
    Stream #0:0: Video: bmp, bgra, 1440x900, 1244172 kb/s, 30 fps, 1000k tbr, 1000k tbn, 1000k tbc
Stream mapping:
  Stream #0:0 -> #0:0 (bmp (native) -> h264 (libx264))
Press [q] to stop, [?] for help
[libx264 @ 0000024d12bb0880] using cpu capabilities: MMX2 SSE2Fast SSSE3 SSE4.2 AVX FMA3 BMI2 AVX2
[libx264 @ 0000024d12bb0880] profile Constrained Baseline, level 4.0, 4:2:0, 8-bit
[libx264 @ 0000024d12bb0880] 264 - core 157 r2935 545de2f - H.264/MPEG-4 AVC codec - Copyleft 2003-2018 - http://www.videolan.org/x264.html - options: cabac=0 ref=1 deblock=0:0:0 analyse=0:0 me=dia subme=0 psy=1 psy_rd=1.00:0.00 mixed_ref=0 me_range=16 chroma_me=1 trellis=1 8x8dct=0 cqm=0 deadzone=21,11 fast_pskip=1 chroma_qp_offset=0 threads=15 lookahead_threads=2 sliced_threads=0 nr=0 decimate=1 interlaced=0 bluray_compat=0 constrained_intra=0 bframes=0 weightp=0 keyint=250 keyint_min=25 scenecut=0 intra_refresh=0 rc=crf mbtree=0 crf=12.0 qcomp=0.60 qpmin=0 qpmax=69 qpstep=4 ip_ratio=1.40 aq=0
Output #0, matroska, to 'C:\Users\hrose\Desktop\website-library\library-app\capture-work\smooth\masters\schemas-30fps.mkv':
  Metadata:
    encoder         : Lavf58.24.101
    Stream #0:0: Video: h264 (libx264) (H264 / 0x34363248), yuv420p, 1440x900, q=-1--1, 30 fps, 1k tbn, 30 tbc
    Metadata:
      encoder         : Lavc58.42.102 libx264
    Side data:
      cpb: bitrate max/min/avg: 0/0/0 buffer size: 0 vbv_delay: -1
frame=   17 fps=0.0 q=16.0 size=       1kB time=00:00:00.00 bitrate=5760.0kbits/s speed=0.00194x    frame=   32 fps= 31 q=16.0 size=       1kB time=00:00:00.50 bitrate=  11.5kbits/s speed=0.486x    frame=   47 fps= 31 q=16.0 size=       1kB time=00:00:01.00 bitrate=   5.8kbits/s speed=0.653x    frame=   63 fps= 31 q=17.0 size=    5185kB time=00:00:01.53 bitrate=27691.4kbits/s speed=0.748x    frame=   78 fps= 30 q=16.0 size=    5185kB time=00:00:02.03 bitrate=20884.2kbits/s speed=0.793x    frame=   93 fps= 30 q=17.0 size=   10394kB time=00:00:02.53 bitrate=33600.9kbits/s speed=0.826x    frame=  108 fps= 30 q=17.0 size=   10394kB time=00:00:03.06 bitrate=27752.5kbits/s speed=0.855x    frame=  124 fps= 30 q=16.0 size=   15637kB time=00:00:03.60 bitrate=35574.0kbits/s speed=0.874x    frame=  138 fps= 30 q=16.0 size=   15637kB time=00:00:04.10 bitrate=31236.8kbits/s speed=0.888x    frame=  154 fps= 30 q=16.0 size=   15637kB time=00:00:04.63 bitrate=27643.9kbits/s speed=0.899x    frame=  169 fps= 30 q=16.0 size=   20806kB time=00:00:05.13 bitrate=33199.1kbits/s speed=0.908x    frame=  185 fps= 30 q=16.0 size=   20806kB time=00:00:05.70 bitrate=29897.3kbits/s speed=0.922x    frame=  200 fps= 30 q=16.0 size=   26047kB time=00:00:06.20 bitrate=34410.4kbits/s speed=0.927x    frame=  216 fps= 30 q=16.0 size=   26047kB time=00:00:06.73 bitrate=31686.8kbits/s speed=0.933x    frame=  231 fps= 30 q=17.0 size=   26047kB time=00:00:07.23 bitrate=29496.7kbits/s speed=0.935x    frame=  233 fps= 29 q=-1.0 Lsize=   33500kB time=00:00:07.83 bitrate=35030.9kbits/s speed=0.985x    
video:33497kB audio:0kB subtitle:0kB other streams:0kB global headers:0kB muxing overhead: 0.008081%
[libx264 @ 0000024d12bb0880] frame I:1     Avg QP: 9.00  size:573083
[libx264 @ 0000024d12bb0880] frame P:232   Avg QP:16.33  size:145377
[libx264 @ 0000024d12bb0880] mb I  I16..4: 100.0%  0.0%  0.0%
[libx264 @ 0000024d12bb0880] mb P  I16..4:  6.1%  0.0%  0.0%  P16..4: 31.7%  0.0%  0.0%  0.0%  0.0%    skip:62.2%
[libx264 @ 0000024d12bb0880] coded y,uvDC,uvAC intra: 88.9% 0.5% 0.5% inter: 23.0% 0.0% 0.0%
[libx264 @ 0000024d12bb0880] i16 v,h,dc,p: 45% 41% 11%  3%
[libx264 @ 0000024d12bb0880] i8c dc,h,v,p: 100%  0%  0%  0%
[libx264 @ 0000024d12bb0880] kb/s:34882.02
