[gdigrab @ 00000261a8ccadc0] Capturing whole desktop as 1440x900x32 at (8,87)
[gdigrab @ 00000261a8ccadc0] Stream #0: not enough frames to estimate rate; consider increasing probesize
Input #0, gdigrab, from 'desktop':
  Duration: N/A, start: 1787458611.279264, bitrate: 1244172 kb/s
    Stream #0:0: Video: bmp, bgra, 1440x900, 1244172 kb/s, 30 fps, 1000k tbr, 1000k tbn, 1000k tbc
Stream mapping:
  Stream #0:0 -> #0:0 (bmp (native) -> h264 (libx264))
Press [q] to stop, [?] for help
[libx264 @ 00000261a8cd0880] using cpu capabilities: MMX2 SSE2Fast SSSE3 SSE4.2 AVX FMA3 BMI2 AVX2
[libx264 @ 00000261a8cd0880] profile Constrained Baseline, level 4.0, 4:2:0, 8-bit
[libx264 @ 00000261a8cd0880] 264 - core 157 r2935 545de2f - H.264/MPEG-4 AVC codec - Copyleft 2003-2018 - http://www.videolan.org/x264.html - options: cabac=0 ref=1 deblock=0:0:0 analyse=0:0 me=dia subme=0 psy=1 psy_rd=1.00:0.00 mixed_ref=0 me_range=16 chroma_me=1 trellis=1 8x8dct=0 cqm=0 deadzone=21,11 fast_pskip=1 chroma_qp_offset=0 threads=15 lookahead_threads=2 sliced_threads=0 nr=0 decimate=1 interlaced=0 bluray_compat=0 constrained_intra=0 bframes=0 weightp=0 keyint=250 keyint_min=25 scenecut=0 intra_refresh=0 rc=crf mbtree=0 crf=12.0 qcomp=0.60 qpmin=0 qpmax=69 qpstep=4 ip_ratio=1.40 aq=0
Output #0, matroska, to 'C:\Users\hrose\Desktop\website-library\library-app\capture-work\smooth\masters\spade-30fps.mkv':
  Metadata:
    encoder         : Lavf58.24.101
    Stream #0:0: Video: h264 (libx264) (H264 / 0x34363248), yuv420p, 1440x900, q=-1--1, 30 fps, 1k tbn, 30 tbc
    Metadata:
      encoder         : Lavc58.42.102 libx264
    Side data:
      cpb: bitrate max/min/avg: 0/0/0 buffer size: 0 vbv_delay: -1
frame=   17 fps=0.0 q=7.0 size=       1kB time=00:00:00.00 bitrate=5760.0kbits/s speed=0.00188x    frame=   32 fps= 31 q=8.0 size=       1kB time=00:00:00.53 bitrate=  10.8kbits/s speed=0.517x    frame=   47 fps= 31 q=9.0 size=       1kB time=00:00:01.03 bitrate=   5.6kbits/s speed=0.674x    frame=   63 fps= 31 q=7.0 size=       1kB time=00:00:01.56 bitrate=   3.7kbits/s speed=0.76x    frame=   78 fps= 30 q=9.0 size=       1kB time=00:00:02.06 bitrate=   2.8kbits/s speed=0.807x    frame=   93 fps= 30 q=9.0 size=       1kB time=00:00:02.56 bitrate=   2.2kbits/s speed=0.836x    frame=  109 fps= 30 q=9.0 size=       1kB time=00:00:03.13 bitrate=   1.8kbits/s speed=0.869x    frame=  125 fps= 30 q=10.0 size=       1kB time=00:00:03.66 bitrate=   1.6kbits/s speed=0.887x    frame=  140 fps= 30 q=7.0 size=    5131kB time=00:00:04.16 bitrate=10085.2kbits/s speed=0.896x    frame=  155 fps= 30 q=7.0 size=    5131kB time=00:00:04.66 bitrate=9005.0kbits/s speed=0.903x    frame=  170 fps= 30 q=10.0 size=    5131kB time=00:00:05.20 bitrate=8082.1kbits/s speed=0.917x    frame=  186 fps= 30 q=9.0 size=    5131kB time=00:00:05.73 bitrate=7330.9kbits/s speed=0.925x    frame=  201 fps= 30 q=7.0 size=    5131kB time=00:00:06.23 bitrate=6742.9kbits/s speed=0.93x    frame=  217 fps= 30 q=10.0 size=    5131kB time=00:00:06.76 bitrate=6210.9kbits/s speed=0.936x    frame=  233 fps= 30 q=8.0 size=    5131kB time=00:00:07.30 bitrate=5757.5kbits/s speed=0.939x    frame=  249 fps= 30 q=5.0 size=   10252kB time=00:00:07.83 bitrate=10720.5kbits/s speed=0.944x    frame=  265 fps= 30 q=10.0 size=   10252kB time=00:00:08.36 bitrate=10036.4kbits/s speed=0.947x    frame=  280 fps= 30 q=9.0 size=   11108kB time=00:00:08.86 bitrate=10261.1kbits/s speed=0.95x    frame=  291 fps= 30 q=-1.0 Lsize=   13207kB time=00:00:09.76 bitrate=11076.2kbits/s speed=0.998x    
video:13204kB audio:0kB subtitle:0kB other streams:0kB global headers:0kB muxing overhead: 0.023578%
[libx264 @ 00000261a8cd0880] frame I:2     Avg QP: 6.50  size:186149
[libx264 @ 00000261a8cd0880] frame P:289   Avg QP: 8.53  size: 45495
[libx264 @ 00000261a8cd0880] mb I  I16..4: 100.0%  0.0%  0.0%
[libx264 @ 00000261a8cd0880] mb P  I16..4:  0.1%  0.0%  0.0%  P16..4:  7.2%  0.0%  0.0%  0.0%  0.0%    skip:92.7%
[libx264 @ 00000261a8cd0880] coded y,uvDC,uvAC intra: 22.6% 18.5% 18.0% inter: 6.4% 2.2% 1.7%
[libx264 @ 00000261a8cd0880] i16 v,h,dc,p: 80% 14%  4%  2%
[libx264 @ 00000261a8cd0880] i8c dc,h,v,p: 79%  9% 10%  1%
[libx264 @ 00000261a8cd0880] kb/s:11036.95
